node.exe : npm warn Unknown env config "devdir". This will stop working in the next major version of npm. See `npm 
help npmrc` for supported config options.
At C:\nvm4w\nodejs\npm.ps1:16 char:5
+     & "$basedir/node$exe"  "$basedir/node_modules/npm/bin/npm-cli.js" ...
+     ~~~~~~~~~~~~~~~~~~~~~~~~~~~~~~~~~~~~~~~~~~~~~~~~~~~~~~~~~~~~~~~~~
    + CategoryInfo          : NotSpecified: (npm warn Unknow...config options.:String) [], RemoteException
    + FullyQualifiedErrorId : NativeCommandError
 

> build
> vite build

vite v5.4.21 building for production...
transforming...
Γ£ô 468 modules transformed.
rendering chunks...
computing gzip size...
dist/index.html                   0.50 kB Γöé gzip:   0.34 kB
dist/assets/index-CMmiyopn.css   23.35 kB Γöé gzip:   5.68 kB
dist/assets/index-VXdmtEnJ.js   761.88 kB Γöé gzip: 229.95 kB

(!) Some chunks are larger than 500 kB after minification. Consider:
- Using dynamic import() to code-split the application
- Use build.rollupOptions.output.manualChunks to improve chunking: 
https://rollupjs.org/configuration-options/#output-manualchunks
- Adjust chunk size limit for this warning via build.chunkSizeWarningLimit.
Γ£ô built in 13.99s
npm notice
npm notice New minor version of npm available! 11.16.0 -> 11.17.0
npm notice Changelog: https://github.com/npm/cli/releases/tag/v11.17.0
npm notice To update run: npm install -g npm@11.17.0
npm notice
